Archive member included to satisfy reference by file (symbol)

D:/ST/STM32CubeIDE_1.17.0/STM32CubeIDE/plugins/com.st.stm32cube.ide.mcu.externaltools.gnu-tools-for-stm32.12.3.rel1.win32_1.1.0.202410251130/tools/bin/../lib/gcc/arm-none-eabi/12.3.1/../../../../arm-none-eabi/lib/thumb/v6-m/nofp\libc_nano.a(libc_a-exit.o)
                              D:/ST/STM32CubeIDE_1.17.0/STM32CubeIDE/plugins/com.st.stm32cube.ide.mcu.externaltools.gnu-tools-for-stm32.12.3.rel1.win32_1.1.0.202410251130/tools/bin/../lib/gcc/arm-none-eabi/12.3.1/../../../../arm-none-eabi/lib/thumb/v6-m/nofp/crt0.o (exit)
D:/ST/STM32CubeIDE_1.17.0/STM32CubeIDE/plugins/com.st.stm32cube.ide.mcu.externaltools.gnu-tools-for-stm32.12.3.rel1.win32_1.1.0.202410251130/tools/bin/../lib/gcc/arm-none-eabi/12.3.1/../../../../arm-none-eabi/lib/thumb/v6-m/nofp\libc_nano.a(libc_a-findfp.o)
                              D:/ST/STM32CubeIDE_1.17.0/STM32CubeIDE/plugins/com.st.stm32cube.ide.mcu.externaltools.gnu-tools-for-stm32.12.3.rel1.win32_1.1.0.202410251130/tools/bin/../lib/gcc/arm-none-eabi/12.3.1/../../../../arm-none-eabi/lib/thumb/v6-m/nofp\libc_nano.a(libc_a-exit.o) (__stdio_exit_handler)
D:/ST/STM32CubeIDE_1.17.0/STM32CubeIDE/plugins/com.st.stm32cube.ide.mcu.externaltools.gnu-tools-for-stm32.12.3.rel1.win32_1.1.0.202410251130/tools/bin/../lib/gcc/arm-none-eabi/12.3.1/../../../../arm-none-eabi/lib/thumb/v6-m/nofp\libc_nano.a(libc_a-fwalk.o)
                              D:/ST/STM32CubeIDE_1.17.0/STM32CubeIDE/plugins/com.st.stm32cube.ide.mcu.externaltools.gnu-tools-for-stm32.12.3.rel1.win32_1.1.0.202410251130/tools/bin/../lib/gcc/arm-none-eabi/12.3.1/../../../../arm-none-eabi/lib/thumb/v6-m/nofp\libc_nano.a(libc_a-findfp.o) (_fwalk_sglue)
D:/ST/STM32CubeIDE_1.17.0/STM32CubeIDE/plugins/com.st.stm32cube.ide.mcu.externaltools.gnu-tools-for-stm32.12.3.rel1.win32_1.1.0.202410251130/tools/bin/../lib/gcc/arm-none-eabi/12.3.1/../../../../arm-none-eabi/lib/thumb/v6-m/nofp\libc_nano.a(libc_a-stdio.o)
                              D:/ST/STM32CubeIDE_1.17.0/STM32CubeIDE/plugins/com.st.stm32cube.ide.mcu.externaltools.gnu-tools-for-stm32.12.3.rel1.win32_1.1.0.202410251130/tools/bin/../lib/gcc/arm-none-eabi/12.3.1/../../../../arm-none-eabi/lib/thumb/v6-m/nofp\libc_nano.a(libc_a-findfp.o) (__sread)
D:/ST/STM32CubeIDE_1.17.0/STM32CubeIDE/plugins/com.st.stm32cube.ide.mcu.externaltools.gnu-tools-for-stm32.12.3.rel1.win32_1.1.0.202410251130/tools/bin/../lib/gcc/arm-none-eabi/12.3.1/../../../../arm-none-eabi/lib/thumb/v6-m/nofp\libc_nano.a(libc_a-memset.o)
                              D:/ST/STM32CubeIDE_1.17.0/STM32CubeIDE/plugins/com.st.stm32cube.ide.mcu.externaltools.gnu-tools-for-stm32.12.3.rel1.win32_1.1.0.202410251130/tools/bin/../lib/gcc/arm-none-eabi/12.3.1/../../../../arm-none-eabi/lib/thumb/v6-m/nofp/crt0.o (memset)
D:/ST/STM32CubeIDE_1.17.0/STM32CubeIDE/plugins/com.st.stm32cube.ide.mcu.externaltools.gnu-tools-for-stm32.12.3.rel1.win32_1.1.0.202410251130/tools/bin/../lib/gcc/arm-none-eabi/12.3.1/../../../../arm-none-eabi/lib/thumb/v6-m/nofp\libc_nano.a(libc_a-closer.o)
                              D:/ST/STM32CubeIDE_1.17.0/STM32CubeIDE/plugins/com.st.stm32cube.ide.mcu.externaltools.gnu-tools-for-stm32.12.3.rel1.win32_1.1.0.202410251130/tools/bin/../lib/gcc/arm-none-eabi/12.3.1/../../../../arm-none-eabi/lib/thumb/v6-m/nofp\libc_nano.a(libc_a-stdio.o) (_close_r)
D:/ST/STM32CubeIDE_1.17.0/STM32CubeIDE/plugins/com.st.stm32cube.ide.mcu.externaltools.gnu-tools-for-stm32.12.3.rel1.win32_1.1.0.202410251130/tools/bin/../lib/gcc/arm-none-eabi/12.3.1/../../../../arm-none-eabi/lib/thumb/v6-m/nofp\libc_nano.a(libc_a-reent.o)
                              D:/ST/STM32CubeIDE_1.17.0/STM32CubeIDE/plugins/com.st.stm32cube.ide.mcu.externaltools.gnu-tools-for-stm32.12.3.rel1.win32_1.1.0.202410251130/tools/bin/../lib/gcc/arm-none-eabi/12.3.1/../../../../arm-none-eabi/lib/thumb/v6-m/nofp\libc_nano.a(libc_a-closer.o) (errno)
D:/ST/STM32CubeIDE_1.17.0/STM32CubeIDE/plugins/com.st.stm32cube.ide.mcu.externaltools.gnu-tools-for-stm32.12.3.rel1.win32_1.1.0.202410251130/tools/bin/../lib/gcc/arm-none-eabi/12.3.1/../../../../arm-none-eabi/lib/thumb/v6-m/nofp\libc_nano.a(libc_a-impure.o)
                              D:/ST/STM32CubeIDE_1.17.0/STM32CubeIDE/plugins/com.st.stm32cube.ide.mcu.externaltools.gnu-tools-for-stm32.12.3.rel1.win32_1.1.0.202410251130/tools/bin/../lib/gcc/arm-none-eabi/12.3.1/../../../../arm-none-eabi/lib/thumb/v6-m/nofp\libc_nano.a(libc_a-reent.o) (_impure_ptr)
D:/ST/STM32CubeIDE_1.17.0/STM32CubeIDE/plugins/com.st.stm32cube.ide.mcu.externaltools.gnu-tools-for-stm32.12.3.rel1.win32_1.1.0.202410251130/tools/bin/../lib/gcc/arm-none-eabi/12.3.1/../../../../arm-none-eabi/lib/thumb/v6-m/nofp\libc_nano.a(libc_a-lseekr.o)
[...]
Memory Configuration

Name             Origin             Length             Attributes
RAM              0x20000000         0x00002000         xrw
FLASH            0x08000000         0x00008000         xr
*default*        0x00000000         0xffffffff

Linker script and memory map

LOAD D:/ST/STM32CubeIDE_1.17.0/STM32CubeIDE/plugins/com.st.stm32cube.ide.mcu.externaltools.gnu-tools-for-stm32.12.3.rel1.win32_1.1.0.202410251130/tools/bin/../lib/gcc/arm-none-eabi/12.3.1/thumb/v6-m/nofp/crti.o
LOAD D:/ST/STM32CubeIDE_1.17.0/STM32CubeIDE/plugins/com.st.stm32cube.ide.mcu.externaltools.gnu-tools-for-stm32.12.3.rel1.win32_1.1.0.202410251130/tools/bin/../lib/gcc/arm-none-eabi/12.3.1/thumb/v6-m/nofp/crtbegin.o
LOAD D:/ST/STM32CubeIDE_1.17.0/STM32CubeIDE/plugins/com.st.stm32cube.ide.mcu.externaltools.gnu-tools-for-stm32.12.3.rel1.win32_1.1.0.202410251130/tools/bin/../lib/gcc/arm-none-eabi/12.3.1/../../../../arm-none-eabi/lib/thumb/v6-m/nofp/crt0.o
LOAD ./Core/Src/adc.o
LOAD ./Core/Src/dma.o
LOAD ./Core/Src/gpio.o
LOAD ./Core/Src/gps_parser.o
LOAD ./Core/Src/main.o
LOAD ./Core/Src/stm32l0xx_hal_msp.o
LOAD ./Core/Src/stm32l0xx_it.o
LOAD ./Core/Src/sysClock.o
LOAD ./Core/Src/syscalls.o
LOAD ./Core/Src/sysmem.o
LOAD ./Core/Src/system_stm32l0xx.o
LOAD ./Core/Src/usart.o
LOAD ./Core/Src/fsm/fsm_link.o
LOAD ./Core/Src/fsm/fsm_main.o
LOAD ./Core/Src/fsm/fsm_transmit.o
LOAD ./Core/Src/fsm/fsm_transmit_backup.o
LOAD ./Core/Src/lora/lora_comm.o
LOAD ./Core/Src/sensors/sensor_gps.o
LOAD ./Core/Src/sensors/sensor_heartrate.o
LOAD ./Core/Src/sensors/sensor_temperature.o
LOAD ./Core/Startup/startup_stm32l031k6tx.o
LOAD ./Drivers/STM32L0xx_HAL_Driver/Src/stm32l0xx_hal.o
LOAD ./Drivers/STM32L0xx_HAL_Driver/Src/stm32l0xx_hal_adc.o
LOAD ./Drivers/STM32L0xx_HAL_Driver/Src/stm32l0xx_hal_adc_ex.o
LOAD ./Drivers/STM32L0xx_HAL_Driver/Src/stm32l0xx_hal_cortex.o
LOAD ./Drivers/STM32L0xx_HAL_Driver/Src/stm32l0xx_hal_dma.o
LOAD ./Drivers/STM32L0xx_HAL_Driver/Src/stm32l0xx_hal_exti.o
LOAD ./Drivers/STM32L0xx_HAL_Driver/Src/stm32l0xx_hal_flash.o
LOAD ./Drivers/STM32L0xx_HAL_Driver/Src/stm32l0xx_hal_flash_ex.o
LOAD ./Drivers/STM32L0xx_HAL_Driver/Src/stm32l0xx_hal_flash_ramfunc.o
LOAD ./Drivers/STM32L0xx_HAL_Driver/Src/stm32l0xx_hal_gpio.o
LOAD ./Drivers/STM32L0xx_HAL_Driver/Src/stm32l0xx_hal_i2c.o
LOAD ./Drivers/STM32L0xx_HAL_Driver/Src/stm32l0xx_hal_i2c_ex.o
LOAD ./Drivers/STM32L0xx_HAL_Driver/Src/stm32l0xx_hal_pwr.o
LOAD ./Drivers/STM32L0xx_HAL_Driver/Src/stm32l0xx_hal_pwr_ex.o
LOAD ./Drivers/STM32L0xx_HAL_Driver/Src/stm32l0xx_hal_rcc.o
LOAD ./Drivers/STM32L0xx_HAL_Driver/Src/stm32l0xx_hal_rcc_ex.o
LOAD ./Drivers/STM32L0xx_HAL_Driver/Src/stm32l0xx_hal_uart.o
LOAD ./Drivers/STM32L0xx_HAL_Driver/Src/stm32l0xx_hal_uart_ex.o
START GROUP
LOAD D:/ST/STM32CubeIDE_1.17.0/STM32CubeIDE/plugins/com.st.stm32cube.ide.mcu.externaltools.gnu-tools-for-stm32.12.3.rel1.win32_1.1.0.202410251130/tools/bin/../lib/gcc/arm-none-eabi/12.3.1/../../../../arm-none-eabi/lib/thumb/v6-m/nofp\libc_nano.a
LOAD D:/ST/STM32CubeIDE_1.17.0/STM32CubeIDE/plugins/com.st.stm32cube.ide.mcu.externaltools.gnu-tools-for-stm32.12.3.rel1.win32_1.1.0.202410251130/tools/bin/../lib/gcc/arm-none-eabi/12.3.1/../../../../arm-none-eabi/lib/thumb/v6-m/nofp\libm.a
END GROUP
START GROUP
LOAD D:/ST/STM32CubeIDE_1.17.0/STM32CubeIDE/plugins/com.st.stm32cube.ide.mcu.externaltools.gnu-tools-for-stm32.12.3.rel1.win32_1.1.0.202410251130/tools/bin/../lib/gcc/arm-none-eabi/12.3.1/thumb/v6-m/nofp\libgcc.a
LOAD D:/ST/STM32CubeIDE_1.17.0/STM32CubeIDE/plugins/com.st.stm32cube.ide.mcu.externaltools.gnu-tools-for-stm32.12.3.rel1.win32_1.1.0.202410251130/tools/bin/../lib/gcc/arm-none-eabi/12.3.1/../../../../arm-none-eabi/lib/thumb/v6-m/nofp\libc_nano.a
END GROUP
START GROUP
LOAD D:/ST/STM32CubeIDE_1.17.0/STM32CubeIDE/plugins/com.st.stm32cube.ide.mcu.externaltools.gnu-tools-for-stm32.12.3.rel1.win32_1.1.0.202410251130/tools/bin/../lib/gcc/arm-none-eabi/12.3.1/thumb/v6-m/nofp\libgcc.a
LOAD D:/ST/STM32CubeIDE_1.17.0/STM32CubeIDE/plugins/com.st.stm32cube.ide.mcu.externaltools.gnu-tools-for-stm32.12.3.rel1.win32_1.1.0.202410251130/tools/bin/../lib/gcc/arm-none-eabi/12.3.1/../../../../arm-none-eabi/lib/thumb/v6-m/nofp\libc_nano.a
LOAD D:/ST/STM32CubeIDE_1.17.0/STM32CubeIDE/plugins/com.st.stm32cube.ide.mcu.externaltools.gnu-tools-for-stm32.12.3.rel1.win32_1.1.0.202410251130/tools/bin/../lib/gcc/arm-none-eabi/12.3.1/../../../../arm-none-eabi/lib/thumb/v6-m/nofp\libnosys.a
END GROUP
START GROUP
LOAD D:/ST/STM32CubeIDE_1.17.0/STM32CubeIDE/plugins/com.st.stm32cube.ide.mcu.externaltools.gnu-tools-for-stm32.12.3.rel1.win32_1.1.0.202410251130/tools/bin/../lib/gcc/arm-none-eabi/12.3.1/thumb/v6-m/nofp\libgcc.a
LOAD D:/ST/STM32CubeIDE_1.17.0/STM32CubeIDE/plugins/com.st.stm32cube.ide.mcu.externaltools.gnu-tools-for-stm32.12.3.rel1.win32_1.1.0.202410251130/tools/bin/../lib/gcc/arm-none-eabi/12.3.1/../../../../arm-none-eabi/lib/thumb/v6-m/nofp\libc_nano.a
LOAD D:/ST/STM32CubeIDE_1.17.0/STM32CubeIDE/plugins/com.st.stm32cube.ide.mcu.externaltools.gnu-tools-for-stm32.12.3.rel1.win32_1.1.0.202410251130/tools/bin/../lib/gcc/arm-none-eabi/12.3.1/../../../../arm-none-eabi/lib/thumb/v6-m/nofp\libnosys.a
END GROUP
LOAD D:/ST/STM32CubeIDE_1.17.0/STM32CubeIDE/plugins/com.st.stm32cube.ide.mcu.externaltools.gnu-tools-for-stm32.12.3.rel1.win32_1.1.0.202410251130/tools/bin/../lib/gcc/arm-none-eabi/12.3.1/thumb/v6-m/nofp/crtend.o
LOAD D:/ST/STM32CubeIDE_1.17.0/STM32CubeIDE/plugins/com.st.stm32cube.ide.mcu.externaltools.gnu-tools-for-stm32.12.3.rel1.win32_1.1.0.202410251130/tools/bin/../lib/gcc/arm-none-eabi/12.3.1/thumb/v6-m/nofp/crtn.o
                0x20002000                        _estack = (ORIGIN (RAM) + LENGTH (RAM))
                0x00000200                        _Min_Heap_Size = 0x200
                0x00000400                        _Min_Stack_Size = 0x400

.isr_vector     0x08000000       0xc0
                0x08000000                        . = ALIGN (0x4)
 *(.isr_vector)
 .isr_vector    0x08000000       0xc0 ./Core/Startup/startup_stm32l031k6tx.o
                0x08000000                g_pfnVectors
                0x080000c0                        . = ALIGN (0x4)

.text           0x080000c0     0x3ac4
                0x080000c0                        . = ALIGN (0x4)
 *(.text)
 .text          0x080000c0       0x48 D:/ST/STM32CubeIDE_1.17.0/STM32CubeIDE/plugins/com.st.stm32cube.ide.mcu.externaltools.gnu-tools-for-stm32.12.3.rel1.win32_1.1.0.202410251130/tools/bin/../lib/gcc/arm-none-eabi/12.3.1/thumb/v6-m/nofp/crtbegin.o
 .text          0x08000108      0x114 D:/ST/STM32CubeIDE_1.17.0/STM32CubeIDE/plugins/com.st.stm32cube.ide.mcu.externaltools.gnu-tools-for-stm32.12.3.rel1.win32_1.1.0.202410251130/tools/bin/../lib/gcc/arm-none-eabi/12.3.1/thumb/v6-m/nofp\libgcc.a(_udivsi3.o)
                0x08000108                __aeabi_uidiv
                0x08000108                __udivsi3
                0x08000214                __aeabi_uidivmod
 .text          0x0800021c        0x4 D:/ST/STM32CubeIDE_1.17.0/STM32CubeIDE/plugins/com.st.stm32cube.ide.mcu.externaltools.gnu-tools-for-stm32.12.3.rel1.win32_1.1.0.202410251130/tools/bin/../lib/gcc/arm-none-eabi/12.3.1/thumb/v6-m/nofp\libgcc.a(_dvmd_tls.o)
                0x0800021c                __aeabi_idiv0
                0x0800021c                __aeabi_ldiv0
 .text          0x08000220       0x40 D:/ST/STM32CubeIDE_1.17.0/STM32CubeIDE/plugins/com.st.stm32cube.ide.mcu.externaltools.gnu-tools-for-stm32.12.3.rel1.win32_1.1.0.202410251130/tools/bin/../lib/gcc/arm-none-eabi/12.3.1/thumb/v6-m/nofp\libgcc.a(_aeabi_uldivmod.o)
                0x08000220                __aeabi_uldivmod
 .text          0x08000260       0x5c D:/ST/STM32CubeIDE_1.17.0/STM32CubeIDE/plugins/com.st.stm32cube.ide.mcu.externaltools.gnu-tools-for-stm32.12.3.rel1.win32_1.1.0.202410251130/tools/bin/../lib/gcc/arm-none-eabi/12.3.1/thumb/v6-m/nofp\libgcc.a(_muldi3.o)
                0x08000260                __muldi3
                0x08000260                __aeabi_lmul
 .text          0x080002bc      0x198 D:/ST/STM32CubeIDE_1.17.0/STM32CubeIDE/plugins/com.st.stm32cube.ide.mcu.externaltools.gnu-tools-for-stm32.12.3.rel1.win32_1.1.0.202410251130/tools/bin/../lib/gcc/arm-none-eabi/12.3.1/thumb/v6-m/nofp\libgcc.a(_udivmoddi4.o)
                0x080002bc                __udivmoddi4
 .text          0x08000454       0x18 D:/ST/STM32CubeIDE_1.17.0/STM32CubeIDE/plugins/com.st.stm32cube.ide.mcu.externaltools.gnu-tools-for-stm32.12.3.rel1.win32_1.1.0.202410251130/tools/bin/../lib/gcc/arm-none-eabi/12.3.1/thumb/v6-m/nofp\libgcc.a(_clzdi2.o)
                0x08000454                __clzdi2
 .text          0x0800046c       0x3c D:/ST/STM32CubeIDE_1.17.0/STM32CubeIDE/plugins/com.st.stm32cube.ide.mcu.externaltools.gnu-tools-for-stm32.12.3.rel1.win32_1.1.0.202410251130/tools/bin/../lib/gcc/arm-none-eabi/12.3.1/thumb/v6-m/nofp\libgcc.a(_clzsi2.o)
                0x0800046c                __clzsi2
 *(.text*)
 .text.MX_ADC_Init
                0x080004a8      0x10c ./Core/Src/adc.o
                0x080004a8                MX_ADC_Init
 .text.HAL_ADC_MspInit
                0x080005b4       0x88 ./Core/Src/adc.o
                0x080005b4                HAL_ADC_MspInit
 .text.Start_ADC_IRQ
                0x0800063c       0x18 ./Core/Src/adc.o
                0x0800063c                Start_ADC_IRQ
 .text.HAL_ADC_ConvCpltCallback
                0x08000654       0x40 ./Core/Src/adc.o
                0x08000654                HAL_ADC_ConvCpltCallback
 .text.get_ADC_values
                0x08000694       0x28 ./Core/Src/adc.o
                0x08000694                get_ADC_values
 .text.MX_DMA_Init
                0x080006bc       0x3c ./Core/Src/dma.o
                0x080006bc                MX_DMA_Init
 .text.GPIO_Init
                0x080006f8       0xa0 ./Core/Src/gpio.o
                0x080006f8                GPIO_Init
 .text.calcChecksum
                0x08000798       0x60 ./Core/Src/gps_parser.o
                0x08000798                calcChecksum
 .text.compareMsgHeader
                0x080007f8       0x44 ./Core/Src/gps_parser.o
                0x080007f8                compareMsgHeader
 .text.processUBXData
                0x0800083c       0x70 ./Core/Src/gps_parser.o
                0x0800083c                processUBXData
 .text.get_UBX_Lat
                0x080008ac       0x14 ./Core/Src/gps_parser.o
                0x080008ac                get_UBX_Lat
 .text.get_UBX_Lon
                0x080008c0       0x14 ./Core/Src/gps_parser.o
                0x080008c0                get_UBX_Lon
 .text.get_UBX_GpsFixStatus
                0x080008d4       0x14 ./Core/Src/gps_parser.o
                0x080008d4                get_UBX_GpsFixStatus
 .text.processGPS
                0x080008e8      0x194 ./Core/Src/gps_parser.o
                0x080008e8                processGPS
 .text.HAL_UART_RxHalfCpltCallback
                0x08000a7c       0x10 ./Core/Src/main.o
                0x08000a7c                HAL_UART_RxHalfCpltCallback
 .text.HAL_UART_RxCpltCallback
                0x08000a8c       0x58 ./Core/Src/main.o
                0x08000a8c                HAL_UART_RxCpltCallback
 .text.HAL_UART_ErrorCallback
                0x08000ae4       0x10 ./Core/Src/main.o
                0x08000ae4                HAL_UART_ErrorCallback
 .text.main     0x08000af4       0x58 ./Core/Src/main.o
                0x08000af4                main
 .text.adc_test
                0x08000b4c       0x3c ./Core/Src/main.o
                0x08000b4c                adc_test
 .text.HAL_MspInit
                0x08000b88       0x28 ./Core/Src/stm32l0xx_hal_msp.o
                0x08000b88                HAL_MspInit
 .text.NMI_Handler
                0x08000bb0        0x8 ./Core/Src/stm32l0xx_it.o
                0x08000bb0                NMI_Handler
 .text.HardFault_Handler
                0x08000bb8        0x8 ./Core/Src/stm32l0xx_it.o
                0x08000bb8                HardFault_Handler
 .text.SVC_Handler
                0x08000bc0        0xa ./Core/Src/stm32l0xx_it.o
                0x08000bc0                SVC_Handler
 .text.PendSV_Handler
                0x08000bca        0xa ./Core/Src/stm32l0xx_it.o
                0x08000bca                PendSV_Handler
 .text.SysTick_Handler
                0x08000bd4        0xe ./Core/Src/stm32l0xx_it.o
                0x08000bd4                SysTick_Handler
 *fill*         0x08000be2        0x2 
 .text.DMA1_Channel4_5_6_7_IRQHandler
                0x08000be4       0x18 ./Core/Src/stm32l0xx_it.o
                0x08000be4                DMA1_Channel4_5_6_7_IRQHandler
 .text.ADC1_COMP_IRQHandler
                0x08000bfc       0x18 ./Core/Src/stm32l0xx_it.o
                0x08000bfc                ADC1_COMP_IRQHandler
 .text.SystemClock_Config
                0x08000c14       0xe8 ./Core/Src/sysClock.o
                0x08000c14                SystemClock_Config
 .text.Error_Handler
                0x08000cfc        0xc ./Core/Src/sysClock.o
                0x08000cfc                Error_Handler
 .text.SystemInit
                0x08000d08        0xa ./Core/Src/system_stm32l0xx.o
                0x08000d08                SystemInit
 *fill*         0x08000d12        0x2 
 .text.MX_USART2_UART_Init
                0x08000d14       0x68 ./Core/Src/usart.o
                0x08000d14                MX_USART2_UART_Init
 .text.HAL_UART_MspInit
                0x08000d7c       0xe4 ./Core/Src/usart.o
                0x08000d7c                HAL_UART_MspInit
 .text.Reset_Handler
                0x08000e60       0x50 ./Core/Startup/startup_stm32l031k6tx.o
                0x08000e60                Reset_Handler
 .text.Default_Handler
                0x08000eb0        0x2 ./Core/Startup/startup_stm32l031k6tx.o
                0x08000eb0                PVD_IRQHandler
                0x08000eb0                I2C1_IRQHandler
                0x08000eb0                SPI1_IRQHandler
                0x08000eb0                EXTI2_3_IRQHandler
                0x08000eb0                RTC_IRQHandler
                0x08000eb0                EXTI4_15_IRQHandler
                0x08000eb0                RCC_IRQHandler
                0x08000eb0                DMA1_Channel1_IRQHandler
                0x08000eb0                Default_Handler
                0x08000eb0                TIM22_IRQHandler
                0x08000eb0                EXTI0_1_IRQHandler
                0x08000eb0                TIM21_IRQHandler
                0x08000eb0                WWDG_IRQHandler
                0x08000eb0                LPUART1_IRQHandler
                0x08000eb0                TIM2_IRQHandler
                0x08000eb0                DMA1_Channel2_3_IRQHandler
                0x08000eb0                USART2_IRQHandler
                0x08000eb0                FLASH_IRQHandler
                0x08000eb0                LPTIM1_IRQHandler
 *fill*         0x08000eb2        0x2 
 .text.HAL_Init
                0x08000eb4       0x40 ./Drivers/STM32L0xx_HAL_Driver/Src/stm32l0xx_hal.o
                0x08000eb4                HAL_Init
 .text.HAL_InitTick
                0x08000ef4       0x68 ./Drivers/STM32L0xx_HAL_Driver/Src/stm32l0xx_hal.o
                0x08000ef4                HAL_InitTick
 .text.HAL_IncTick
                0x08000f5c       0x24 ./Drivers/STM32L0xx_HAL_Driver/Src/stm32l0xx_hal.o
                0x08000f5c                HAL_IncTick
 .text.HAL_GetTick
                0x08000f80       0x14 ./Drivers/STM32L0xx_HAL_Driver/Src/stm32l0xx_hal.o
                0x08000f80                HAL_GetTick
 .text.HAL_Delay
                0x08000f94       0x48 ./Drivers/STM32L0xx_HAL_Driver/Src/stm32l0xx_hal.o
                0x08000f94                HAL_Delay
 .text.HAL_ADC_Init
                0x08000fdc      0x2e8 ./Drivers/STM32L0xx_HAL_Driver/Src/stm32l0xx_hal_adc.o
                0x08000fdc                HAL_ADC_Init
 .text.HAL_ADC_Start_IT
                0x080012c4       0xe4 ./Drivers/STM32L0xx_HAL_Driver/Src/stm32l0xx_hal_adc.o
                0x080012c4                HAL_ADC_Start_IT
 .text.HAL_ADC_GetValue
                0x080013a8       0x16 ./Drivers/STM32L0xx_HAL_Driver/Src/stm32l0xx_hal_adc.o
                0x080013a8                HAL_ADC_GetValue
 *fill*         0x080013be        0x2 
 .text.HAL_ADC_IRQHandler
                0x080013c0      0x154 ./Drivers/STM32L0xx_HAL_Driver/Src/stm32l0xx_hal_adc.o
                0x080013c0                HAL_ADC_IRQHandler
 .text.HAL_ADC_LevelOutOfWindowCallback
                0x08001514       0x10 ./Drivers/STM32L0xx_HAL_Driver/Src/stm32l0xx_hal_adc.o
                0x08001514                HAL_ADC_LevelOutOfWindowCallback
 .text.HAL_ADC_ErrorCallback
                0x08001524       0x10 ./Drivers/STM32L0xx_HAL_Driver/Src/stm32l0xx_hal_adc.o
                0x08001524                HAL_ADC_ErrorCallback
 .text.HAL_ADC_ConfigChannel
                0x08001534      0x10c ./Drivers/STM32L0xx_HAL_Driver/Src/stm32l0xx_hal_adc.o
                0x08001534                HAL_ADC_ConfigChannel
 .text.ADC_Enable
                0x08001640       0xd0 ./Drivers/STM32L0xx_HAL_Driver/Src/stm32l0xx_hal_adc.o
 .text.ADC_DelayMicroSecond
                0x08001710       0x40 ./Drivers/STM32L0xx_HAL_Driver/Src/stm32l0xx_hal_adc.o
 .text.__NVIC_EnableIRQ
                0x08001750       0x34 ./Drivers/STM32L0xx_HAL_Driver/Src/stm32l0xx_hal_cortex.o
 .text.__NVIC_SetPriority
                0x08001784       0xdc ./Drivers/STM32L0xx_HAL_Driver/Src/stm32l0xx_hal_cortex.o
 .text.SysTick_Config
                0x08001860       0x48 ./Drivers/STM32L0xx_HAL_Driver/Src/stm32l0xx_hal_cortex.o
 .text.HAL_NVIC_SetPriority
                0x080018a8       0x2a ./Drivers/STM32L0xx_HAL_Driver/Src/stm32l0xx_hal_cortex.o
                0x080018a8                HAL_NVIC_SetPriority
 .text.HAL_NVIC_EnableIRQ
                0x080018d2       0x20 ./Drivers/STM32L0xx_HAL_Driver/Src/stm32l0xx_hal_cortex.o
                0x080018d2                HAL_NVIC_EnableIRQ
 .text.HAL_SYSTICK_Config
                0x080018f2       0x1a ./Drivers/STM32L0xx_HAL_Driver/Src/stm32l0xx_hal_cortex.o
                0x080018f2                HAL_SYSTICK_Config
 .text.HAL_DMA_Init
                0x0800190c       0xf0 ./Drivers/STM32L0xx_HAL_Driver/Src/stm32l0xx_hal_dma.o
                0x0800190c                HAL_DMA_Init
 .text.HAL_DMA_Start_IT
                0x080019fc       0xcc ./Drivers/STM32L0xx_HAL_Driver/Src/stm32l0xx_hal_dma.o
                0x080019fc                HAL_DMA_Start_IT
 .text.HAL_DMA_IRQHandler
                0x08001ac8      0x15c ./Drivers/STM32L0xx_HAL_Driver/Src/stm32l0xx_hal_dma.o
                0x08001ac8                HAL_DMA_IRQHandler
 .text.DMA_SetConfig
                0x08001c24       0x5c ./Drivers/STM32L0xx_HAL_Driver/Src/stm32l0xx_hal_dma.o
 .text.HAL_GPIO_Init
                0x08001c80      0x2dc ./Drivers/STM32L0xx_HAL_Driver/Src/stm32l0xx_hal_gpio.o
                0x08001c80                HAL_GPIO_Init
 .text.HAL_GPIO_WritePin
                0x08001f5c       0x3a ./Drivers/STM32L0xx_HAL_Driver/Src/stm32l0xx_hal_gpio.o
                0x08001f5c                HAL_GPIO_WritePin
 *fill*         0x08001f96        0x2 
 .text.HAL_RCC_OscConfig
                0x08001f98      0x6f8 ./Drivers/STM32L0xx_HAL_Driver/Src/stm32l0xx_hal_rcc.o
                0x08001f98                HAL_RCC_OscConfig
 .text.HAL_RCC_ClockConfig
                0x08002690      0x290 ./Drivers/STM32L0xx_HAL_Driver/Src/stm32l0xx_hal_rcc.o
                0x08002690                HAL_RCC_ClockConfig
 .text.HAL_RCC_GetSysClockFreq
                0x08002920      0x14c ./Drivers/STM32L0xx_HAL_Driver/Src/stm32l0xx_hal_rcc.o
                0x08002920                HAL_RCC_GetSysClockFreq
 .text.HAL_RCC_GetHCLKFreq
                0x08002a6c       0x14 ./Drivers/STM32L0xx_HAL_Driver/Src/stm32l0xx_hal_rcc.o
                0x08002a6c                HAL_RCC_GetHCLKFreq
 .text.HAL_RCC_GetPCLK1Freq
                0x08002a80       0x2c ./Drivers/STM32L0xx_HAL_Driver/Src/stm32l0xx_hal_rcc.o
                0x08002a80                HAL_RCC_GetPCLK1Freq
 .text.HAL_RCC_GetPCLK2Freq
                0x08002aac       0x2c ./Drivers/STM32L0xx_HAL_Driver/Src/stm32l0xx_hal_rcc.o
                0x08002aac                HAL_RCC_GetPCLK2Freq
 .text.HAL_RCCEx_PeriphCLKConfig
                0x08002ad8      0x258 ./Drivers/STM32L0xx_HAL_Driver/Src/stm32l0xx_hal_rcc_ex.o
                0x08002ad8                HAL_RCCEx_PeriphCLKConfig
 .text.HAL_UART_Init
                0x08002d30       0xa8 ./Drivers/STM32L0xx_HAL_Driver/Src/stm32l0xx_hal_uart.o
                0x08002d30                HAL_UART_Init
 .text.HAL_UART_Receive_DMA
                0x08002dd8       0xbc ./Drivers/STM32L0xx_HAL_Driver/Src/stm32l0xx_hal_uart.o
                0x08002dd8                HAL_UART_Receive_DMA
 .text.HAL_UARTEx_RxEventCallback
                0x08002e94       0x16 ./Drivers/STM32L0xx_HAL_Driver/Src/stm32l0xx_hal_uart.o
                0x08002e94                HAL_UARTEx_RxEventCallback
 *fill*         0x08002eaa        0x2 
 .text.UART_SetConfig
                0x08002eac      0x494 ./Drivers/STM32L0xx_HAL_Driver/Src/stm32l0xx_hal_uart.o
                0x08002eac                UART_SetConfig
 .text.UART_AdvFeatureConfig
                0x08003340      0x168 ./Drivers/STM32L0xx_HAL_Driver/Src/stm32l0xx_hal_uart.o
                0x08003340                UART_AdvFeatureConfig
 .text.UART_CheckIdleState
                0x080034a8      0x150 ./Drivers/STM32L0xx_HAL_Driver/Src/stm32l0xx_hal_uart.o
                0x080034a8                UART_CheckIdleState
 .text.UART_WaitOnFlagUntilTimeout
                0x080035f8       0xd2 ./Drivers/STM32L0xx_HAL_Driver/Src/stm32l0xx_hal_uart.o
                0x080035f8                UART_WaitOnFlagUntilTimeout
 *fill*         0x080036ca        0x2 
 .text.UART_Start_Receive_DMA
                0x080036cc      0x140 ./Drivers/STM32L0xx_HAL_Driver/Src/stm32l0xx_hal_uart.o
                0x080036cc                UART_Start_Receive_DMA
 .text.UART_EndTxTransfer
                0x0800380c       0x48 ./Drivers/STM32L0xx_HAL_Driver/Src/stm32l0xx_hal_uart.o
 .text.UART_EndRxTransfer
                0x08003854       0xc8 ./Drivers/STM32L0xx_HAL_Driver/Src/stm32l0xx_hal_uart.o
 .text.UART_DMAReceiveCplt
                0x0800391c      0x130 ./Drivers/STM32L0xx_HAL_Driver/Src/stm32l0xx_hal_uart.o
 .text.UART_DMARxHalfCplt
                0x08003a4c       0x42 ./Drivers/STM32L0xx_HAL_Driver/Src/stm32l0xx_hal_uart.o
 .text.UART_DMAError
                0x08003a8e       0x84 ./Drivers/STM32L0xx_HAL_Driver/Src/stm32l0xx_hal_uart.o
 .text.memset   0x08003b12       0x10 D:/ST/STM32CubeIDE_1.17.0/STM32CubeIDE/plugins/com.st.stm32cube.ide.mcu.externaltools.gnu-tools-for-stm32.12.3.rel1.win32_1.1.0.202410251130/tools/bin/../lib/gcc/arm-none-eabi/12.3.1/../../../../arm-none-eabi/lib/thumb/v6-m/nofp\libc_nano.a(libc_a-memset.o)
                0x08003b12                memset
 *fill*         0x08003b22        0x2 
 .text.__libc_init_array
                0x08003b24       0x48 D:/ST/STM32CubeIDE_1.17.0/STM32CubeIDE/plugins/com.st.stm32cube.ide.mcu.externaltools.gnu-tools-for-stm32.12.3.rel1.win32_1.1.0.202410251130/tools/bin/../lib/gcc/arm-none-eabi/12.3.1/../../../../arm-none-eabi/lib/thumb/v6-m/nofp\libc_nano.a(libc_a-init.o)
                0x08003b24                __libc_init_array
 *(.glue_7)
 .glue_7        0x08003b6c        0x0 linker stubs
 *(.glue_7t)
 .glue_7t       0x08003b6c        0x0 linker stubs
 *(.eh_frame)
 .eh_frame      0x08003b6c        0x0 D:/ST/STM32CubeIDE_1.17.0/STM32CubeIDE/plugins/com.st.stm32cube.ide.mcu.externaltools.gnu-tools-for-stm32.12.3.rel1.win32_1.1.0.202410251130/tools/bin/../lib/gcc/arm-none-eabi/12.3.1/thumb/v6-m/nofp/crtbegin.o
 *(.init)
 .init          0x08003b6c        0x4 D:/ST/STM32CubeIDE_1.17.0/STM32CubeIDE/plugins/com.st.stm32cube.ide.mcu.externaltools.gnu-tools-for-stm32.12.3.rel1.win32_1.1.0.202410251130/tools/bin/../lib/gcc/arm-none-eabi/12.3.1/thumb/v6-m/nofp/crti.o
                0x08003b6c                _init
 .init          0x08003b70        0x8 D:/ST/STM32CubeIDE_1.17.0/STM32CubeIDE/plugins/com.st.stm32cube.ide.mcu.externaltools.gnu-tools-for-stm32.12.3.rel1.win32_1.1.0.202410251130/tools/bin/../lib/gcc/arm-none-eabi/12.3.1/thumb/v6-m/nofp/crtn.o
 *(.fini)
 .fini          0x08003b78        0x4 D:/ST/STM32CubeIDE_1.17.0/STM32CubeIDE/plugins/com.st.stm32cube.ide.mcu.externaltools.gnu-tools-for-stm32.12.3.rel1.win32_1.1.0.202410251130/tools/bin/../lib/gcc/arm-none-eabi/12.3.1/thumb/v6-m/nofp/crti.o
                0x08003b78                _fini
 .fini          0x08003b7c        0x8 D:/ST/STM32CubeIDE_1.17.0/STM32CubeIDE/plugins/com.st.stm32cube.ide.mcu.externaltools.gnu-tools-for-stm32.12.3.rel1.win32_1.1.0.202410251130/tools/bin/../lib/gcc/arm-none-eabi/12.3.1/thumb/v6-m/nofp/crtn.o
                0x08003b84                        . = ALIGN (0x4)
                0x08003b84                        _etext = .

.vfp11_veneer   0x08003b84        0x0
 .vfp11_veneer  0x08003b84        0x0 linker stubs

.v4_bx          0x08003b84        0x0
 .v4_bx         0x08003b84        0x0 linker stubs

.iplt           0x08003b84        0x0
 .iplt          0x08003b84        0x0 D:/ST/STM32CubeIDE_1.17.0/STM32CubeIDE/plugins/com.st.stm32cube.ide.mcu.externaltools.gnu-tools-for-stm32.12.3.rel1.win32_1.1.0.202410251130/tools/bin/../lib/gcc/arm-none-eabi/12.3.1/thumb/v6-m/nofp/crtbegin.o

.rodata         0x08003b84       0x78
                0x08003b84                        . = ALIGN (0x4)
 *(.rodata)
 *(.rodata*)
 .rodata.UBX_HEADER
                0x08003b84        0x2 ./Core/Src/gps_parser.o
                0x08003b84                UBX_HEADER
 *fill*         0x08003b86        0x2 
 .rodata.NAV_POSLLH_HEADER
                0x08003b88        0x2 ./Core/Src/gps_parser.o
                0x08003b88                NAV_POSLLH_HEADER
 *fill*         0x08003b8a        0x2 
 .rodata.NAV_STATUS_HEADER
                0x08003b8c        0x2 ./Core/Src/gps_parser.o
                0x08003b8c                NAV_STATUS_HEADER
 *fill*         0x08003b8e        0x2 
 .rodata.AHBPrescTable
                0x08003b90       0x10 ./Core/Src/system_stm32l0xx.o
                0x08003b90                AHBPrescTable
 .rodata.APBPrescTable
                0x08003ba0        0x8 ./Core/Src/system_stm32l0xx.o
                0x08003ba0                APBPrescTable
 .rodata.PLLMulTable
                0x08003ba8        0x9 ./Core/Src/system_stm32l0xx.o
                0x08003ba8                PLLMulTable
 *fill*         0x08003bb1        0x3 
 .rodata.UART_SetConfig
                0x08003bb4       0x48 ./Drivers/STM32L0xx_HAL_Driver/Src/stm32l0xx_hal_uart.o
                0x08003bfc                        . = ALIGN (0x4)

.ARM.extab      0x08003bfc        0x0
                0x08003bfc                        . = ALIGN (0x4)
 *(.ARM.extab* .gnu.linkonce.armextab.*)
                0x08003bfc                        . = ALIGN (0x4)

.ARM            0x08003bfc        0x8
                0x08003bfc                        . = ALIGN (0x4)
                0x08003bfc                        __exidx_start = .
 *(.ARM.exidx*)
 .ARM.exidx     0x08003bfc        0x8 D:/ST/STM32CubeIDE_1.17.0/STM32CubeIDE/plugins/com.st.stm32cube.ide.mcu.externaltools.gnu-tools-for-stm32.12.3.rel1.win32_1.1.0.202410251130/tools/bin/../lib/gcc/arm-none-eabi/12.3.1/thumb/v6-m/nofp\libgcc.a(_udivmoddi4.o)
                0x08003c04                        __exidx_end = .
                0x08003c04                        . = ALIGN (0x4)

.preinit_array  0x08003c04        0x0
                0x08003c04                        . = ALIGN (0x4)
                0x08003c04                        PROVIDE (__preinit_array_start = .)
 *(.preinit_array*)
                0x08003c04                        PROVIDE (__preinit_array_end = .)
                0x08003c04                        . = ALIGN (0x4)

.init_array     0x08003c04        0x4
                0x08003c04                        . = ALIGN (0x4)
                0x08003c04                        PROVIDE (__init_array_start = .)
 *(SORT_BY_NAME(.init_array.*))
 *(.init_array*)
 .init_array    0x08003c04        0x4 D:/ST/STM32CubeIDE_1.17.0/STM32CubeIDE/plugins/com.st.stm32cube.ide.mcu.externaltools.gnu-tools-for-stm32.12.3.rel1.win32_1.1.0.202410251130/tools/bin/../lib/gcc/arm-none-eabi/12.3.1/thumb/v6-m/nofp/crtbegin.o
                0x08003c08                        PROVIDE (__init_array_end = .)
                0x08003c08                        . = ALIGN (0x4)

.fini_array     0x08003c08        0x4
                0x08003c08                        . = ALIGN (0x4)
                [!provide]                        PROVIDE (__fini_array_start = .)
 *(SORT_BY_NAME(.fini_array.*))
 *(.fini_array*)
 .fini_array    0x08003c08        0x4 D:/ST/STM32CubeIDE_1.17.0/STM32CubeIDE/plugins/com.st.stm32cube.ide.mcu.externaltools.gnu-tools-for-stm32.12.3.rel1.win32_1.1.0.202410251130/tools/bin/../lib/gcc/arm-none-eabi/12.3.1/thumb/v6-m/nofp/crtbegin.o
                [!provide]                        PROVIDE (__fini_array_end = .)
                0x08003c0c                        . = ALIGN (0x4)
                0x08003c0c                        _sidata = LOADADDR (.data)

.rel.dyn        0x08003c0c        0x0
 .rel.iplt      0x08003c0c        0x0 D:/ST/STM32CubeIDE_1.17.0/STM32CubeIDE/plugins/com.st.stm32cube.ide.mcu.externaltools.gnu-tools-for-stm32.12.3.rel1.win32_1.1.0.202410251130/tools/bin/../lib/gcc/arm-none-eabi/12.3.1/thumb/v6-m/nofp/crtbegin.o

.data           0x20000000       0x10 load address 0x08003c0c
                0x20000000                        . = ALIGN (0x4)
                0x20000000                        _sdata = .
 *(.data)
 *(.data*)
 .data.payloadSize.2
                0x20000000        0x4 ./Core/Src/gps_parser.o
 .data.SystemCoreClock
                0x20000004        0x4 ./Core/Src/system_stm32l0xx.o
                0x20000004                SystemCoreClock
 .data.uwTickPrio
                0x20000008        0x4 ./Drivers/STM32L0xx_HAL_Driver/Src/stm32l0xx_hal.o
                0x20000008                uwTickPrio
 .data.uwTickFreq
                0x2000000c        0x1 ./Drivers/STM32L0xx_HAL_Driver/Src/stm32l0xx_hal.o
                0x2000000c                uwTickFreq
 *(.RamFunc)
 *(.RamFunc*)
                0x20000010                        . = ALIGN (0x4)
 *fill*         0x2000000d        0x3 
                0x20000010                        _edata = .

.igot.plt       0x20000010        0x0 load address 0x08003c1c
 .igot.plt      0x20000010        0x0 D:/ST/STM32CubeIDE_1.17.0/STM32CubeIDE/plugins/com.st.stm32cube.ide.mcu.externaltools.gnu-tools-for-stm32.12.3.rel1.win32_1.1.0.202410251130/tools/bin/../lib/gcc/arm-none-eabi/12.3.1/thumb/v6-m/nofp/crtbegin.o
                0x20000010                        . = ALIGN (0x4)

.bss            0x20000010      0x230 load address 0x08003c1c
                0x20000010                        _sbss = .
                0x20000010                        __bss_start__ = _sbss
 *(.bss)
 .bss           0x20000010       0x1c D:/ST/STM32CubeIDE_1.17.0/STM32CubeIDE/plugins/com.st.stm32cube.ide.mcu.externaltools.gnu-tools-for-stm32.12.3.rel1.win32_1.1.0.202410251130/tools/bin/../lib/gcc/arm-none-eabi/12.3.1/thumb/v6-m/nofp/crtbegin.o
 *(.bss*)
 .bss.hadc      0x2000002c       0x5c ./Core/Src/adc.o
                0x2000002c                hadc
 .bss.adc_values
                0x20000088        0x4 ./Core/Src/adc.o
 .bss.current_channel.0
                0x2000008c        0x1 ./Core/Src/adc.o
 *fill*         0x2000008d        0x3 
 .bss.navPosllhData
                0x20000090       0x20 ./Core/Src/gps_parser.o
                0x20000090                navPosllhData
 .bss.navStatusData
                0x200000b0       0x14 ./Core/Src/gps_parser.o
                0x200000b0                navStatusData
 .bss.isNavPosllhReceived
                0x200000c4        0x1 ./Core/Src/gps_parser.o
                0x200000c4                isNavPosllhReceived
 .bss.isNavStatusReceived
                0x200000c5        0x1 ./Core/Src/gps_parser.o
                0x200000c5                isNavStatusReceived
 *fill*         0x200000c6        0x2 
 .bss.ubxMessage
                0x200000c8       0x20 ./Core/Src/gps_parser.o
                0x200000c8                ubxMessage
 .bss.fpos.3    0x200000e8        0x4 ./Core/Src/gps_parser.o
 .bss.currentMsgType.1
                0x200000ec        0x1 ./Core/Src/gps_parser.o
 *fill*         0x200000ed        0x3 
 .bss.checksum.0
                0x200000f0        0x2 ./Core/Src/gps_parser.o
 *fill*         0x200000f2        0x2 
 .bss.UBX_Rx_Data
                0x200000f4       0x68 ./Core/Src/main.o
                0x200000f4                UBX_Rx_Data
 .bss.Lat       0x2000015c        0x4 ./Core/Src/main.o
                0x2000015c                Lat
 .bss.Lon       0x20000160        0x4 ./Core/Src/main.o
                0x20000160                Lon
 .bss.fixStatus
                0x20000164        0x1 ./Core/Src/main.o
                0x20000164                fixStatus
 *fill*         0x20000165        0x3 
 .bss.Voltage_val
                0x20000168        0x4 ./Core/Src/main.o
                0x20000168                Voltage_val
 .bss.huart2    0x2000016c       0x88 ./Core/Src/usart.o
                0x2000016c                huart2
 .bss.hdma_usart2_rx
                0x200001f4       0x48 ./Core/Src/usart.o
                0x200001f4                hdma_usart2_rx
 .bss.uwTick    0x2000023c        0x4 ./Drivers/STM32L0xx_HAL_Driver/Src/stm32l0xx_hal.o
                0x2000023c                uwTick
 *(COMMON)
                0x20000240                        . = ALIGN (0x4)
                0x20000240                        _ebss = .
                0x20000240                        __bss_end__ = _ebss

._user_heap_stack
                0x20000240      0x600 load address 0x08003c1c
                0x20000240                        . = ALIGN (0x8)
                [!provide]                        PROVIDE (end = .)
                0x20000240                        PROVIDE (_end = .)
                0x20000440                        . = (. + _Min_Heap_Size)
 *fill*         0x20000240      0x200 
                0x20000840                        . = (. + _Min_Stack_Size)
 *fill*         0x20000440      0x400 
                0x20000840                        . = ALIGN (0x8)

/DISCARD/
 libc.a(*)
 libm.a(*)
 libgcc.a(*)

.ARM.attributes
                0x00000000       0x28
 *(.ARM.attributes)
 .ARM.attributes
                0x00000000       0x1e D:/ST/STM32CubeIDE_1.17.0/STM32CubeIDE/plugins/com.st.stm32cube.ide.mcu.externaltools.gnu-tools-for-stm32.12.3.rel1.win32_1.1.0.202410251130/tools/bin/../lib/gcc/arm-none-eabi/12.3.1/thumb/v6-m/nofp/crti.o
 .ARM.attributes
                0x0000001e       0x2c D:/ST/STM32CubeIDE_1.17.0/STM32CubeIDE/plugins/com.st.stm32cube.ide.mcu.externaltools.gnu-tools-for-stm32.12.3.rel1.win32_1.1.0.202410251130/tools/bin/../lib/gcc/arm-none-eabi/12.3.1/thumb/v6-m/nofp/crtbegin.o
 .ARM.attributes
                0x0000004a       0x2c ./Core/Src/adc.o
 .ARM.attributes
                0x00000076       0x2c ./Core/Src/dma.o
 .ARM.attributes
                0x000000a2       0x2c ./Core/Src/gpio.o
 .ARM.attributes
                0x000000ce       0x2c ./Core/Src/gps_parser.o
 .ARM.attributes
                0x000000fa       0x2c ./Core/Src/main.o
 .ARM.attributes
                0x00000126       0x2c ./Core/Src/stm32l0xx_hal_msp.o
 .ARM.attributes
                0x00000152       0x2c ./Core/Src/stm32l0xx_it.o
 .ARM.attributes
                0x0000017e       0x2c ./Core/Src/sysClock.o
 .ARM.attributes
                0x000001aa       0x2c ./Core/Src/system_stm32l0xx.o
 .ARM.attributes
                0x000001d6       0x2c ./Core/Src/usart.o
 .ARM.attributes
                0x00000202       0x22 ./Core/Startup/startup_stm32l031k6tx.o
 .ARM.attributes
                0x00000224       0x2c ./Drivers/STM32L0xx_HAL_Driver/Src/stm32l0xx_hal.o
 .ARM.attributes
                0x00000250       0x2c ./Drivers/STM32L0xx_HAL_Driver/Src/stm32l0xx_hal_adc.o
 .ARM.attributes
                0x0000027c       0x2c ./Drivers/STM32L0xx_HAL_Driver/Src/stm32l0xx_hal_cortex.o
 .ARM.attributes
                0x000002a8       0x2c ./Drivers/STM32L0xx_HAL_Driver/Src/stm32l0xx_hal_dma.o
 .ARM.attributes
                0x000002d4       0x2c ./Drivers/STM32L0xx_HAL_Driver/Src/stm32l0xx_hal_gpio.o
 .ARM.attributes
                0x00000300       0x2c ./Drivers/STM32L0xx_HAL_Driver/Src/stm32l0xx_hal_rcc.o
 .ARM.attributes
                0x0000032c       0x2c ./Drivers/STM32L0xx_HAL_Driver/Src/stm32l0xx_hal_rcc_ex.o
 .ARM.attributes
                0x00000358       0x2c ./Drivers/STM32L0xx_HAL_Driver/Src/stm32l0xx_hal_uart.o
 .ARM.attributes
                0x00000384       0x2c D:/ST/STM32CubeIDE_1.17.0/STM32CubeIDE/plugins/com.st.stm32cube.ide.mcu.externaltools.gnu-tools-for-stm32.12.3.rel1.win32_1.1.0.202410251130/tools/bin/../lib/gcc/arm-none-eabi/12.3.1/../../../../arm-none-eabi/lib/thumb/v6-m/nofp\libc_nano.a(libc_a-memset.o)
 .ARM.attributes
                0x000003b0       0x2c D:/ST/STM32CubeIDE_1.17.0/STM32CubeIDE/plugins/com.st.stm32cube.ide.mcu.externaltools.gnu-tools-for-stm32.12.3.rel1.win32_1.1.0.202410251130/tools/bin/../lib/gcc/arm-none-eabi/12.3.1/../../../../arm-none-eabi/lib/thumb/v6-m/nofp\libc_nano.a(libc_a-init.o)
 .ARM.attributes
                0x000003dc       0x1e D:/ST/STM32CubeIDE_1.17.0/STM32CubeIDE/plugins/com.st.stm32cube.ide.mcu.externaltools.gnu-tools-for-stm32.12.3.rel1.win32_1.1.0.202410251130/tools/bin/../lib/gcc/arm-none-eabi/12.3.1/thumb/v6-m/nofp\libgcc.a(_udivsi3.o)
 .ARM.attributes
                0x000003fa       0x1e D:/ST/STM32CubeIDE_1.17.0/STM32CubeIDE/plugins/com.st.stm32cube.ide.mcu.externaltools.gnu-tools-for-stm32.12.3.rel1.win32_1.1.0.202410251130/tools/bin/../lib/gcc/arm-none-eabi/12.3.1/thumb/v6-m/nofp\libgcc.a(_dvmd_tls.o)
 .ARM.attributes
                0x00000418       0x1e D:/ST/STM32CubeIDE_1.17.0/STM32CubeIDE/plugins/com.st.stm32cube.ide.mcu.externaltools.gnu-tools-for-stm32.12.3.rel1.win32_1.1.0.202410251130/tools/bin/../lib/gcc/arm-none-eabi/12.3.1/thumb/v6-m/nofp\libgcc.a(_aeabi_uldivmod.o)
 .ARM.attributes
                0x00000436       0x2c D:/ST/STM32CubeIDE_1.17.0/STM32CubeIDE/plugins/com.st.stm32cube.ide.mcu.externaltools.gnu-tools-for-stm32.12.3.rel1.win32_1.1.0.202410251130/tools/bin/../lib/gcc/arm-none-eabi/12.3.1/thumb/v6-m/nofp\libgcc.a(_muldi3.o)
 .ARM.attributes
                0x00000462       0x2c D:/ST/STM32CubeIDE_1.17.0/STM32CubeIDE/plugins/com.st.stm32cube.ide.mcu.externaltools.gnu-tools-for-stm32.12.3.rel1.win32_1.1.0.202410251130/tools/bin/../lib/gcc/arm-none-eabi/12.3.1/thumb/v6-m/nofp\libgcc.a(_udivmoddi4.o)
 .ARM.attributes
                0x0000048e       0x1e D:/ST/STM32CubeIDE_1.17.0/STM32CubeIDE/plugins/com.st.stm32cube.ide.mcu.externaltools.gnu-tools-for-stm32.12.3.rel1.win32_1.1.0.202410251130/tools/bin/../lib/gcc/arm-none-eabi/12.3.1/thumb/v6-m/nofp\libgcc.a(_clzdi2.o)
 .ARM.attributes
                0x000004ac       0x1e D:/ST/STM32CubeIDE_1.17.0/STM32CubeIDE/plugins/com.st.stm32cube.ide.mcu.externaltools.gnu-tools-for-stm32.12.3.rel1.win32_1.1.0.202410251130/tools/bin/../lib/gcc/arm-none-eabi/12.3.1/thumb/v6-m/nofp\libgcc.a(_clzsi2.o)
 .ARM.attributes
                0x000004ca       0x1e D:/ST/STM32CubeIDE_1.17.0/STM32CubeIDE/plugins/com.st.stm32cube.ide.mcu.externaltools.gnu-tools-for-stm32.12.3.rel1.win32_1.1.0.202410251130/tools/bin/../lib/gcc/arm-none-eabi/12.3.1/thumb/v6-m/nofp/crtn.o
OUTPUT(livestock-monitoring-LSU.elf elf32-littlearm)
LOAD linker stubs
LOAD D:/ST/STM32CubeIDE_1.17.0/STM32CubeIDE/plugins/com.st.stm32cube.ide.mcu.externaltools.gnu-tools-for-stm32.12.3.rel1.win32_1.1.0.202410251130/tools/bin/../lib/gcc/arm-none-eabi/12.3.1/../../../../arm-none-eabi/lib/thumb/v6-m/nofp\libc.a
LOAD D:/ST/STM32CubeIDE_1.17.0/STM32CubeIDE/plugins/com.st.stm32cube.ide.mcu.externaltools.gnu-tools-for-stm32.12.3.rel1.win32_1.1.0.202410251130/tools/bin/../lib/gcc/arm-none-eabi/12.3.1/../../../../arm-none-eabi/lib/thumb/v6-m/nofp\libm.a
LOAD D:/ST/STM32CubeIDE_1.17.0/STM32CubeIDE/plugins/com.st.stm32cube.ide.mcu.externaltools.gnu-tools-for-stm32.12.3.rel1.win32_1.1.0.202410251130/tools/bin/../lib/gcc/arm-none-eabi/12.3.1/thumb/v6-m/nofp\libgcc.a

.debug_info     0x00000000     0xa903
 .debug_info    0x00000000      0xb60 ./Core/Src/adc.o
 .debug_info    0x00000b60      0x2af ./Core/Src/dma.o
 .debug_info    0x00000e0f      0x384 ./Core/Src/gpio.o
 .debug_info    0x00001193      0x50c ./Core/Src/gps_parser.o
 .debug_info    0x0000169f      0x89e ./Core/Src/main.o
 .debug_info    0x00001f3d      0x1ba ./Core/Src/stm32l0xx_hal_msp.o
 .debug_info    0x000020f7      0x61f ./Core/Src/stm32l0xx_it.o
 .debug_info    0x00002716      0x346 ./Core/Src/sysClock.o
 .debug_info    0x00002a5c      0x2d0 ./Core/Src/system_stm32l0xx.o
 .debug_info    0x00002d2c      0x9f2 ./Core/Src/usart.o
 .debug_info    0x0000371e       0x30 ./Core/Startup/startup_stm32l031k6tx.o
 .debug_info    0x0000374e      0x818 ./Drivers/STM32L0xx_HAL_Driver/Src/stm32l0xx_hal.o
 .debug_info    0x00003f66      0xcea ./Drivers/STM32L0xx_HAL_Driver/Src/stm32l0xx_hal_adc.o
 .debug_info    0x00004c50      0x678 ./Drivers/STM32L0xx_HAL_Driver/Src/stm32l0xx_hal_cortex.o
 .debug_info    0x000052c8      0x70b ./Drivers/STM32L0xx_HAL_Driver/Src/stm32l0xx_hal_dma.o
 .debug_info    0x000059d3      0x624 ./Drivers/STM32L0xx_HAL_Driver/Src/stm32l0xx_hal_gpio.o
 .debug_info    0x00005ff7      0x96f ./Drivers/STM32L0xx_HAL_Driver/Src/stm32l0xx_hal_rcc.o
 .debug_info    0x00006966      0x46d ./Drivers/STM32L0xx_HAL_Driver/Src/stm32l0xx_hal_rcc_ex.o
 .debug_info    0x00006dd3     0x3b30 ./Drivers/STM32L0xx_HAL_Driver/Src/stm32l0xx_hal_uart.o

.debug_abbrev   0x00000000     0x229f
 .debug_abbrev  0x00000000      0x27f ./Core/Src/adc.o
 .debug_abbrev  0x0000027f       0xfc ./Core/Src/dma.o
 .debug_abbrev  0x0000037b      0x14f ./Core/Src/gpio.o
 .debug_abbrev  0x000004ca      0x220 ./Core/Src/gps_parser.o
 .debug_abbrev  0x000006ea      0x2a9 ./Core/Src/main.o
 .debug_abbrev  0x00000993       0x9f ./Core/Src/stm32l0xx_hal_msp.o
 .debug_abbrev  0x00000a32      0x17e ./Core/Src/stm32l0xx_it.o
 .debug_abbrev  0x00000bb0      0x157 ./Core/Src/sysClock.o
 .debug_abbrev  0x00000d07      0x11c ./Core/Src/system_stm32l0xx.o
 .debug_abbrev  0x00000e23      0x226 ./Core/Src/usart.o
 .debug_abbrev  0x00001049       0x24 ./Core/Startup/startup_stm32l031k6tx.o
 .debug_abbrev  0x0000106d      0x2a4 ./Drivers/STM32L0xx_HAL_Driver/Src/stm32l0xx_hal.o
 .debug_abbrev  0x00001311      0x241 ./Drivers/STM32L0xx_HAL_Driver/Src/stm32l0xx_hal_adc.o
 .debug_abbrev  0x00001552      0x26f ./Drivers/STM32L0xx_HAL_Driver/Src/stm32l0xx_hal_cortex.o
 .debug_abbrev  0x000017c1      0x1cd ./Drivers/STM32L0xx_HAL_Driver/Src/stm32l0xx_hal_dma.o
 .debug_abbrev  0x0000198e      0x1ca ./Drivers/STM32L0xx_HAL_Driver/Src/stm32l0xx_hal_gpio.o
 .debug_abbrev  0x00001b58      0x295 ./Drivers/STM32L0xx_HAL_Driver/Src/stm32l0xx_hal_rcc.o
 .debug_abbrev  0x00001ded      0x1d2 ./Drivers/STM32L0xx_HAL_Driver/Src/stm32l0xx_hal_rcc_ex.o
 .debug_abbrev  0x00001fbf      0x2e0 ./Drivers/STM32L0xx_HAL_Driver/Src/stm32l0xx_hal_uart.o

.debug_aranges  0x00000000      0x8d8
 .debug_aranges
                0x00000000       0x48 ./Core/Src/adc.o
 .debug_aranges
                0x00000048       0x20 ./Core/Src/dma.o
 .debug_aranges
                0x00000068       0x20 ./Core/Src/gpio.o
 .debug_aranges
                0x00000088       0x50 ./Core/Src/gps_parser.o
 .debug_aranges
                0x000000d8       0x40 ./Core/Src/main.o
 .debug_aranges
                0x00000118       0x20 ./Core/Src/stm32l0xx_hal_msp.o
 .debug_aranges
                0x00000138       0x50 ./Core/Src/stm32l0xx_it.o
 .debug_aranges
                0x00000188       0x28 ./Core/Src/sysClock.o
 .debug_aranges
                0x000001b0       0x28 ./Core/Src/system_stm32l0xx.o
 .debug_aranges
                0x000001d8       0x30 ./Core/Src/usart.o
 .debug_aranges
                0x00000208       0x28 ./Core/Startup/startup_stm32l031k6tx.o
 .debug_aranges
                0x00000230      0x110 ./Drivers/STM32L0xx_HAL_Driver/Src/stm32l0xx_hal.o
 .debug_aranges
                0x00000340      0x100 ./Drivers/STM32L0xx_HAL_Driver/Src/stm32l0xx_hal_adc.o
 .debug_aranges
                0x00000440       0xc0 ./Drivers/STM32L0xx_HAL_Driver/Src/stm32l0xx_hal_cortex.o
 .debug_aranges
                0x00000500       0x80 ./Drivers/STM32L0xx_HAL_Driver/Src/stm32l0xx_hal_dma.o
 .debug_aranges
                0x00000580       0x58 ./Drivers/STM32L0xx_HAL_Driver/Src/stm32l0xx_hal_gpio.o
 .debug_aranges
                0x000005d8       0x80 ./Drivers/STM32L0xx_HAL_Driver/Src/stm32l0xx_hal_rcc.o
 .debug_aranges
                0x00000658       0x58 ./Drivers/STM32L0xx_HAL_Driver/Src/stm32l0xx_hal_rcc_ex.o
 .debug_aranges
                0x000006b0      0x228 ./Drivers/STM32L0xx_HAL_Driver/Src/stm32l0xx_hal_uart.o

.debug_rnglists
                0x00000000      0x6b3
 .debug_rnglists
                0x00000000       0x33 ./Core/Src/adc.o
 .debug_rnglists
                0x00000033       0x13 ./Core/Src/dma.o
 .debug_rnglists
                0x00000046       0x14 ./Core/Src/gpio.o
 .debug_rnglists
                0x0000005a       0x38 ./Core/Src/gps_parser.o
 .debug_rnglists
                0x00000092       0x2b ./Core/Src/main.o
 .debug_rnglists
                0x000000bd       0x13 ./Core/Src/stm32l0xx_hal_msp.o
 .debug_rnglists
                0x000000d0       0x37 ./Core/Src/stm32l0xx_it.o
 .debug_rnglists
                0x00000107       0x1a ./Core/Src/sysClock.o
 .debug_rnglists
                0x00000121       0x1a ./Core/Src/system_stm32l0xx.o
 .debug_rnglists
                0x0000013b       0x20 ./Core/Src/usart.o
 .debug_rnglists
                0x0000015b       0x19 ./Core/Startup/startup_stm32l031k6tx.o
 .debug_rnglists
                0x00000174       0xc7 ./Drivers/STM32L0xx_HAL_Driver/Src/stm32l0xx_hal.o
 .debug_rnglists
                0x0000023b       0xcc ./Drivers/STM32L0xx_HAL_Driver/Src/stm32l0xx_hal_adc.o
 .debug_rnglists
                0x00000307       0x8c ./Drivers/STM32L0xx_HAL_Driver/Src/stm32l0xx_hal_cortex.o
 .debug_rnglists
                0x00000393       0x65 ./Drivers/STM32L0xx_HAL_Driver/Src/stm32l0xx_hal_dma.o
 .debug_rnglists
                0x000003f8       0x3f ./Drivers/STM32L0xx_HAL_Driver/Src/stm32l0xx_hal_gpio.o
 .debug_rnglists
                0x00000437       0x61 ./Drivers/STM32L0xx_HAL_Driver/Src/stm32l0xx_hal_rcc.o
 .debug_rnglists
                0x00000498       0x40 ./Drivers/STM32L0xx_HAL_Driver/Src/stm32l0xx_hal_rcc_ex.o
 .debug_rnglists
                0x000004d8      0x1db ./Drivers/STM32L0xx_HAL_Driver/Src/stm32l0xx_hal_uart.o

.debug_macro    0x00000000    0x11f36
 .debug_macro   0x00000000      0x1dd ./Core/Src/adc.o
 .debug_macro   0x000001dd      0xa8a ./Core/Src/adc.o
 .debug_macro   0x00000c67      0x125 ./Core/Src/adc.o
 .debug_macro   0x00000d8c       0x2e ./Core/Src/adc.o
 .debug_macro   0x00000dba       0x28 ./Core/Src/adc.o
 .debug_macro   0x00000de2       0x22 ./Core/Src/adc.o
 .debug_macro   0x00000e04       0x8e ./Core/Src/adc.o
 .debug_macro   0x00000e92       0x51 ./Core/Src/adc.o
 .debug_macro   0x00000ee3      0x103 ./Core/Src/adc.o
 .debug_macro   0x00000fe6       0x6a ./Core/Src/adc.o
 .debug_macro   0x00001050      0x1df ./Core/Src/adc.o
 .debug_macro   0x0000122f       0x1c ./Core/Src/adc.o
 .debug_macro   0x0000124b       0x22 ./Core/Src/adc.o
 .debug_macro   0x0000126d       0xaf ./Core/Src/adc.o
 .debug_macro   0x0000131c      0x3ad ./Core/Src/adc.o
 .debug_macro   0x000016c9     0x7f07 ./Core/Src/adc.o
 .debug_macro   0x000095d0       0x66 ./Core/Src/adc.o
 .debug_macro   0x00009636     0x3590 ./Core/Src/adc.o
 .debug_macro   0x0000cbc6      0x189 ./Core/Src/adc.o
 .debug_macro   0x0000cd4f       0x5c ./Core/Src/adc.o
 .debug_macro   0x0000cdab      0x8b4 ./Core/Src/adc.o
 .debug_macro   0x0000d65f      0x474 ./Core/Src/adc.o
 .debug_macro   0x0000dad3      0x189 ./Core/Src/adc.o
 .debug_macro   0x0000dc5c      0x13f ./Core/Src/adc.o
 .debug_macro   0x0000dd9b      0x10d ./Core/Src/adc.o
 .debug_macro   0x0000dea8       0x82 ./Core/Src/adc.o
 .debug_macro   0x0000df2a      0x28e ./Core/Src/adc.o
 .debug_macro   0x0000e1b8       0x28 ./Core/Src/adc.o
 .debug_macro   0x0000e1e0      0x4e1 ./Core/Src/adc.o
 .debug_macro   0x0000e6c1       0x6b ./Core/Src/adc.o
 .debug_macro   0x0000e72c      0x128 ./Core/Src/adc.o
 .debug_macro   0x0000e854      0x23b ./Core/Src/adc.o
 .debug_macro   0x0000ea8f      0x22c ./Core/Src/adc.o
 .debug_macro   0x0000ecbb       0x5b ./Core/Src/adc.o
 .debug_macro   0x0000ed16       0xa5 ./Core/Src/adc.o
 .debug_macro   0x0000edbb      0x186 ./Core/Src/adc.o
 .debug_macro   0x0000ef41       0x16 ./Core/Src/adc.o
 .debug_macro   0x0000ef57      0x5cf ./Core/Src/adc.o
 .debug_macro   0x0000f526       0x44 ./Core/Src/adc.o
 .debug_macro   0x0000f56a      0x12a ./Core/Src/adc.o
 .debug_macro   0x0000f694       0x40 ./Core/Src/adc.o
 .debug_macro   0x0000f6d4      0x1dd ./Core/Src/dma.o
 .debug_macro   0x0000f8b1      0x1dd ./Core/Src/gpio.o
 .debug_macro   0x0000fa8e      0x2a5 ./Core/Src/gps_parser.o
 .debug_macro   0x0000fd33       0x22 ./Core/Src/gps_parser.o
 .debug_macro   0x0000fd55       0x61 ./Core/Src/gps_parser.o
 .debug_macro   0x0000fdb6       0x24 ./Core/Src/gps_parser.o
 .debug_macro   0x0000fdda       0x43 ./Core/Src/gps_parser.o
 .debug_macro   0x0000fe1d       0x34 ./Core/Src/gps_parser.o
 .debug_macro   0x0000fe51       0x16 ./Core/Src/gps_parser.o
 .debug_macro   0x0000fe67       0x43 ./Core/Src/gps_parser.o
 .debug_macro   0x0000feaa       0x34 ./Core/Src/gps_parser.o
 .debug_macro   0x0000fede       0x10 ./Core/Src/gps_parser.o
 .debug_macro   0x0000feee       0x58 ./Core/Src/gps_parser.o
 .debug_macro   0x0000ff46       0x8e ./Core/Src/gps_parser.o
 .debug_macro   0x0000ffd4       0x1c ./Core/Src/gps_parser.o
 .debug_macro   0x0000fff0      0x177 ./Core/Src/gps_parser.o
 .debug_macro   0x00010167      0x369 ./Core/Src/gps_parser.o
 .debug_macro   0x000104d0       0x10 ./Core/Src/gps_parser.o
 .debug_macro   0x000104e0       0x35 ./Core/Src/gps_parser.o
 .debug_macro   0x00010515       0x20 ./Core/Src/gps_parser.o
 .debug_macro   0x00010535      0x218 ./Core/Src/main.o
 .debug_macro   0x0001074d      0x1d3 ./Core/Src/stm32l0xx_hal_msp.o
 .debug_macro   0x00010920      0x1dd ./Core/Src/stm32l0xx_it.o
 .debug_macro   0x00010afd      0x1dd ./Core/Src/sysClock.o
 .debug_macro   0x00010cda      0x1c4 ./Core/Src/system_stm32l0xx.o
 .debug_macro   0x00010e9e      0x1dd ./Core/Src/usart.o
 .debug_macro   0x0001107b      0x1e8 ./Drivers/STM32L0xx_HAL_Driver/Src/stm32l0xx_hal.o
 .debug_macro   0x00011263      0x1d3 ./Drivers/STM32L0xx_HAL_Driver/Src/stm32l0xx_hal_adc.o
 .debug_macro   0x00011436      0x1c4 ./Drivers/STM32L0xx_HAL_Driver/Src/stm32l0xx_hal_cortex.o
 .debug_macro   0x000115fa      0x1c4 ./Drivers/STM32L0xx_HAL_Driver/Src/stm32l0xx_hal_dma.o
 .debug_macro   0x000117be      0x1cb ./Drivers/STM32L0xx_HAL_Driver/Src/stm32l0xx_hal_gpio.o
 .debug_macro   0x00011989      0x1fa ./Drivers/STM32L0xx_HAL_Driver/Src/stm32l0xx_hal_rcc.o
 .debug_macro   0x00011b83      0x1c4 ./Drivers/STM32L0xx_HAL_Driver/Src/stm32l0xx_hal_rcc_ex.o
 .debug_macro   0x00011d47      0x1ef ./Drivers/STM32L0xx_HAL_Driver/Src/stm32l0xx_hal_uart.o

.debug_line     0x00000000     0xd8bf
 .debug_line    0x00000000      0x866 ./Core/Src/adc.o
 .debug_line    0x00000866      0x769 ./Core/Src/dma.o
 .debug_line    0x00000fcf      0x77c ./Core/Src/gpio.o
 .debug_line    0x0000174b      0xaac ./Core/Src/gps_parser.o
 .debug_line    0x000021f7      0x827 ./Core/Src/main.o
 .debug_line    0x00002a1e      0x76d ./Core/Src/stm32l0xx_hal_msp.o
 .debug_line    0x0000318b      0x802 ./Core/Src/stm32l0xx_it.o
 .debug_line    0x0000398d      0x7de ./Core/Src/sysClock.o
 .debug_line    0x0000416b      0x81e ./Core/Src/system_stm32l0xx.o
 .debug_line    0x00004989      0x804 ./Core/Src/usart.o
 .debug_line    0x0000518d       0x7b ./Core/Startup/startup_stm32l031k6tx.o
 .debug_line    0x00005208      0xad5 ./Drivers/STM32L0xx_HAL_Driver/Src/stm32l0xx_hal.o
 .debug_line    0x00005cdd     0x11e3 ./Drivers/STM32L0xx_HAL_Driver/Src/stm32l0xx_hal_adc.o
 .debug_line    0x00006ec0      0xa98 ./Drivers/STM32L0xx_HAL_Driver/Src/stm32l0xx_hal_cortex.o
 .debug_line    0x00007958      0xcbb ./Drivers/STM32L0xx_HAL_Driver/Src/stm32l0xx_hal_dma.o
 .debug_line    0x00008613      0xb59 ./Drivers/STM32L0xx_HAL_Driver/Src/stm32l0xx_hal_gpio.o
 .debug_line    0x0000916c      0xf00 ./Drivers/STM32L0xx_HAL_Driver/Src/stm32l0xx_hal_rcc.o
 .debug_line    0x0000a06c      0xac4 ./Drivers/STM32L0xx_HAL_Driver/Src/stm32l0xx_hal_rcc_ex.o
 .debug_line    0x0000ab30     0x2d8f ./Drivers/STM32L0xx_HAL_Driver/Src/stm32l0xx_hal_uart.o

.debug_str      0x00000000    0x69fc7
 .debug_str     0x00000000    0x64bd8 ./Core/Src/adc.o
                              0x64f7c (size before relaxing)
 .debug_str     0x00064bd8       0x29 ./Core/Src/dma.o
                              0x6499e (size before relaxing)
 .debug_str     0x00064c01       0x5b ./Core/Src/gpio.o
                              0x648ee (size before relaxing)
 .debug_str     0x00064c5c     0x3375 ./Core/Src/gps_parser.o
                              0x67a5e (size before relaxing)
 .debug_str     0x00067fd1      0x33e ./Core/Src/main.o
                              0x64dfa (size before relaxing)
 .debug_str     0x0006830f       0x2c ./Core/Src/stm32l0xx_hal_msp.o
                              0x6481f (size before relaxing)
 .debug_str     0x0006833b       0xb7 ./Core/Src/stm32l0xx_it.o
                              0x64c32 (size before relaxing)
 .debug_str     0x000683f2      0x254 ./Core/Src/sysClock.o
                              0x64a08 (size before relaxing)
 .debug_str     0x00068646       0x99 ./Core/Src/system_stm32l0xx.o
                              0x647c2 (size before relaxing)
 .debug_str     0x000686df       0x6d ./Core/Src/usart.o
                              0x64d98 (size before relaxing)
 .debug_str     0x0006874c       0x44 ./Core/Startup/startup_stm32l031k6tx.o
                                 0x8d (size before relaxing)
 .debug_str     0x00068790      0x472 ./Drivers/STM32L0xx_HAL_Driver/Src/stm32l0xx_hal.o
                              0x64e69 (size before relaxing)
 .debug_str     0x00068c02      0x2f7 ./Drivers/STM32L0xx_HAL_Driver/Src/stm32l0xx_hal_adc.o
                              0x64eae (size before relaxing)
 .debug_str     0x00068ef9      0x17e ./Drivers/STM32L0xx_HAL_Driver/Src/stm32l0xx_hal_cortex.o
                              0x64abe (size before relaxing)
 .debug_str     0x00069077      0x219 ./Drivers/STM32L0xx_HAL_Driver/Src/stm32l0xx_hal_dma.o
                              0x64b36 (size before relaxing)
 .debug_str     0x00069290       0xf9 ./Drivers/STM32L0xx_HAL_Driver/Src/stm32l0xx_hal_gpio.o
                              0x64962 (size before relaxing)
 .debug_str     0x00069389      0x2b7 ./Drivers/STM32L0xx_HAL_Driver/Src/stm32l0xx_hal_rcc.o
                              0x64cc3 (size before relaxing)
 .debug_str     0x00069640      0x120 ./Drivers/STM32L0xx_HAL_Driver/Src/stm32l0xx_hal_rcc_ex.o
                              0x649c6 (size before relaxing)
 .debug_str     0x00069760      0x867 ./Drivers/STM32L0xx_HAL_Driver/Src/stm32l0xx_hal_uart.o
                              0x65582 (size before relaxing)

.comment        0x00000000       0x43
 .comment       0x00000000       0x43 ./Core/Src/adc.o
                                 0x44 (size before relaxing)
 .comment       0x00000043       0x44 ./Core/Src/dma.o
 .comment       0x00000043       0x44 ./Core/Src/gpio.o
 .comment       0x00000043       0x44 ./Core/Src/gps_parser.o
 .comment       0x00000043       0x44 ./Core/Src/main.o
 .comment       0x00000043       0x44 ./Core/Src/stm32l0xx_hal_msp.o
 .comment       0x00000043       0x44 ./Core/Src/stm32l0xx_it.o
 .comment       0x00000043       0x44 ./Core/Src/sysClock.o
 .comment       0x00000043       0x44 ./Core/Src/system_stm32l0xx.o
 .comment       0x00000043       0x44 ./Core/Src/usart.o
 .comment       0x00000043       0x44 ./Drivers/STM32L0xx_HAL_Driver/Src/stm32l0xx_hal.o
 .comment       0x00000043       0x44 ./Drivers/STM32L0xx_HAL_Driver/Src/stm32l0xx_hal_adc.o
 .comment       0x00000043       0x44 ./Drivers/STM32L0xx_HAL_Driver/Src/stm32l0xx_hal_cortex.o
 .comment       0x00000043       0x44 ./Drivers/STM32L0xx_HAL_Driver/Src/stm32l0xx_hal_dma.o
 .comment       0x00000043       0x44 ./Drivers/STM32L0xx_HAL_Driver/Src/stm32l0xx_hal_gpio.o
 .comment       0x00000043       0x44 ./Drivers/STM32L0xx_HAL_Driver/Src/stm32l0xx_hal_rcc.o
 .comment       0x00000043       0x44 ./Drivers/STM32L0xx_HAL_Driver/Src/stm32l0xx_hal_rcc_ex.o
 .comment       0x00000043       0x44 ./Drivers/STM32L0xx_HAL_Driver/Src/stm32l0xx_hal_uart.o

.debug_frame    0x00000000     0x1d44
 .debug_frame   0x00000000       0xcc ./Core/Src/adc.o
 .debug_frame   0x000000cc       0x30 ./Core/Src/dma.o
 .debug_frame   0x000000fc       0x30 ./Core/Src/gpio.o
 .debug_frame   0x0000012c       0xe4 ./Core/Src/gps_parser.o
 .debug_frame   0x00000210       0xa8 ./Core/Src/main.o
 .debug_frame   0x000002b8       0x2c ./Core/Src/stm32l0xx_hal_msp.o
 .debug_frame   0x000002e4       0xd4 ./Core/Src/stm32l0xx_it.o
 .debug_frame   0x000003b8       0x4c ./Core/Src/sysClock.o
 .debug_frame   0x00000404       0x4c ./Core/Src/system_stm32l0xx.o
 .debug_frame   0x00000450       0x6c ./Core/Src/usart.o
 .debug_frame   0x000004bc      0x394 ./Drivers/STM32L0xx_HAL_Driver/Src/stm32l0xx_hal.o
 .debug_frame   0x00000850      0x3c0 ./Drivers/STM32L0xx_HAL_Driver/Src/stm32l0xx_hal_adc.o
 .debug_frame   0x00000c10      0x2a0 ./Drivers/STM32L0xx_HAL_Driver/Src/stm32l0xx_hal_cortex.o
 .debug_frame   0x00000eb0      0x1b0 ./Drivers/STM32L0xx_HAL_Driver/Src/stm32l0xx_hal_dma.o
 .debug_frame   0x00001060      0x110 ./Drivers/STM32L0xx_HAL_Driver/Src/stm32l0xx_hal_gpio.o
 .debug_frame   0x00001170      0x1a8 ./Drivers/STM32L0xx_HAL_Driver/Src/stm32l0xx_hal_rcc.o
 .debug_frame   0x00001318       0xfc ./Drivers/STM32L0xx_HAL_Driver/Src/stm32l0xx_hal_rcc_ex.o
 .debug_frame   0x00001414      0x854 ./Drivers/STM32L0xx_HAL_Driver/Src/stm32l0xx_hal_uart.o
 .debug_frame   0x00001c68       0x20 D:/ST/STM32CubeIDE_1.17.0/STM32CubeIDE/plugins/com.st.stm32cube.ide.mcu.externaltools.gnu-tools-for-stm32.12.3.rel1.win32_1.1.0.202410251130/tools/bin/../lib/gcc/arm-none-eabi/12.3.1/../../../../arm-none-eabi/lib/thumb/v6-m/nofp\libc_nano.a(libc_a-memset.o)
 .debug_frame   0x00001c88       0x2c D:/ST/STM32CubeIDE_1.17.0/STM32CubeIDE/plugins/com.st.stm32cube.ide.mcu.externaltools.gnu-tools-for-stm32.12.3.rel1.win32_1.1.0.202410251130/tools/bin/../lib/gcc/arm-none-eabi/12.3.1/../../../../arm-none-eabi/lib/thumb/v6-m/nofp\libc_nano.a(libc_a-init.o)
 .debug_frame   0x00001cb4       0x20 D:/ST/STM32CubeIDE_1.17.0/STM32CubeIDE/plugins/com.st.stm32cube.ide.mcu.externaltools.gnu-tools-for-stm32.12.3.rel1.win32_1.1.0.202410251130/tools/bin/../lib/gcc/arm-none-eabi/12.3.1/thumb/v6-m/nofp\libgcc.a(_udivsi3.o)
 .debug_frame   0x00001cd4       0x34 D:/ST/STM32CubeIDE_1.17.0/STM32CubeIDE/plugins/com.st.stm32cube.ide.mcu.externaltools.gnu-tools-for-stm32.12.3.rel1.win32_1.1.0.202410251130/tools/bin/../lib/gcc/arm-none-eabi/12.3.1/thumb/v6-m/nofp\libgcc.a(_muldi3.o)
 .debug_frame   0x00001d08       0x3c D:/ST/STM32CubeIDE_1.17.0/STM32CubeIDE/plugins/com.st.stm32cube.ide.mcu.externaltools.gnu-tools-for-stm32.12.3.rel1.win32_1.1.0.202410251130/tools/bin/../lib/gcc/arm-none-eabi/12.3.1/thumb/v6-m/nofp\libgcc.a(_udivmoddi4.o)

.debug_line_str
                0x00000000       0x71
 .debug_line_str
                0x00000000       0x71 ./Core/Startup/startup_stm32l031k6tx.o
